// Jest Snapshot v1, https://goo.gl/fbAQLP

exports[`CommonLayout 1`] = `
Array [
  <header>
    <div
      className="logo_wrapper"
    >
      <div
        className="container"
      >
        <a
          className="logo"
          href="/"
          onClick={[Function]}
          onMouseEnter={[Function]}
        >
          Rのゲームプログラミング教室
        </a>
      </div>
    </div>
    <div>
      <nav
        className="nav_bar"
      >
        <ul>
          <li>
            <div
              className="container"
            >
              <a
                className="menu_item"
                href="/theory"
                onClick={[Function]}
                onMouseEnter={[Function]}
              >
                理論編
              </a>
              <ul>
                <li>
                  <a
                    href="/theory/pglanguage"
                    onClick={[Function]}
                    onMouseEnter={[Function]}
                  >
                    プログラミング言語
                  </a>
                  <ul>
                    <li>
                      <a
                        href="/theory/pglanguage/c"
                        onClick={[Function]}
                        onMouseEnter={[Function]}
                      >
                        C言語
                      </a>
                    </li>
                  </ul>
                </li>
                <li>
                  <a
                    href="/theory/collision"
                    onClick={[Function]}
                    onMouseEnter={[Function]}
                  >
                    当たり判定
                  </a>
                </li>
              </ul>
            </div>
          </li>
          <li>
            <div
              className="container"
            >
              <a
                className="menu_item"
                href="/practice"
                onClick={[Function]}
                onMouseEnter={[Function]}
              >
                実践編
              </a>
            </div>
          </li>
          <li>
            <div
              className="container"
            >
              <a
                className="menu_item"
                href="/about"
                onClick={[Function]}
                onMouseEnter={[Function]}
              >
                About
              </a>
            </div>
          </li>
        </ul>
      </nav>
    </div>
  </header>,
  <main>
    <div
      className="container"
    >
      hello
    </div>
  </main>,
  <footer>
    <div
      className="copyright"
    >
      ©︎2021 R
    </div>
  </footer>,
]
`;
